// Jest Snapshot v1, https://goo.gl/fbAQLP

exports[`Test FilterPopover render matches snapshot with reset button 1`] = `
Array [
  <View
    style={
      Object {
        "borderRadius": 3,
        "overflow": "hidden",
        "paddingRight": 15,
      }
    }
  >
    <View
      accessibilityRole="button"
      accessibilityState={
        Object {
          "busy": false,
          "disabled": false,
        }
      }
      accessible={true}
      focusable={true}
      onClick={[Function]}
      onResponderGrant={[Function]}
      onResponderMove={[Function]}
      onResponderRelease={[Function]}
      onResponderTerminate={[Function]}
      onResponderTerminationRequest={[Function]}
      onStartShouldSetResponder={[Function]}
      style={
        Object {
          "opacity": 1,
        }
      }
      testID="trigger-button"
    >
      <View
        style={
          Object {
            "alignItems": "center",
            "backgroundColor": "transparent",
            "borderColor": "#2089dc",
            "borderRadius": 3,
            "borderWidth": 0.5,
            "flexDirection": "row",
            "justifyContent": "center",
            "padding": 8,
          }
        }
      >
        <Text
          style={
            Object {
              "color": "#2089dc",
              "fontSize": 18,
              "padding": 10,
              "paddingBottom": 1,
              "paddingTop": 2,
              "textAlign": "center",
            }
          }
        >
          Test Title
        </Text>
        <Text
          allowFontScaling={false}
          style={
            Array [
              Object {
                "color": undefined,
                "fontSize": 15,
              },
              undefined,
              Object {
                "fontFamily": "anticon",
                "fontStyle": "normal",
                "fontWeight": "normal",
              },
              Object {},
            ]
          }
        >
          
        </Text>
      </View>
    </View>
  </View>,
  <Modal
    hardwareAccelerated={true}
    onDismiss={[Function]}
    onRequestClose={[Function]}
    onShow={[Function]}
    supportedOrientations={
      Array [
        "portrait",
        "portrait-upside-down",
        "landscape",
      ]
    }
    transparent={true}
    visible={false}
  />,
]
`;
